C51 COMPILER V9.60.7.0   MAIN                                                              09/07/2024 17:46:20 PAGE 1   


C51 COMPILER V9.60.7.0, COMPILATION OF MODULE MAIN
OBJECT MODULE PLACED IN .\Objects\main.obj
COMPILER INVOKED BY: C:\hoc\8051\Keil_C_v5\C51\BIN\C51.EXE main.c OPTIMIZE(8,SPEED) BROWSE DEBUG OBJECTEXTEND PRINT(.\Li
                    -stings\main.lst) TABS(2) OBJECT(.\Objects\main.obj)

line level    source

   1          #include <REGX52.H>
   2          
   3          void Delay_ms(unsigned int t)
   4          {
   5   1        unsigned int x, y;
   6   1        for(x =0; x<t; x++)
   7   1        {
   8   2          for(y=0; y<123; y++);
   9   2        }
  10   1      }
  11          
  12          void main()
  13          {
  14   1        unsigned char i;
  15   1      //  P0 = 0x52;
  16   1      //  Delay_ms(3000);
  17   1      //  P0 = P0 | (1<<5);  // P0 |= (1<<5) <=> P0 = P0 | 0x20
  18   1        while(1)
  19   1        {
  20   2          P0 = 0x00;
  21   2          Delay_ms(500);
  22   2          // sang 2 led 1 va giu nguyen trang thai nhung led da sang truoc do tu phai sang trai
  23   2          P0 = 0x03;
  24   2          for(i=0; i<4; i++)
  25   2          {
  26   3            Delay_ms(500);
  27   3            P0 = P0 << 2;
  28   3            P0 = P0 | 0x03;
  29   3          }
  30   2          Delay_ms(500);
  31   2          
  32   2          // sang led tu trai qua phai
  33   2          P0 = 0x00;
  34   2          for(i=0; i<8; i++)
  35   2          {
  36   3            Delay_ms(500);
  37   3            P0 = P0 >> 1;
  38   3            P0 = P0 | (1<<7);
  39   3          }
  40   2          Delay_ms(500);
  41   2        }
  42   1      }
  43          // sua P0 thanh P2 de su dung tren bo kit 8051 pro


MODULE INFORMATION:   STATIC OVERLAYABLE
   CODE SIZE        =     93    ----
   CONSTANT SIZE    =   ----    ----
   XDATA SIZE       =   ----    ----
   PDATA SIZE       =   ----    ----
   DATA SIZE        =   ----    ----
   IDATA SIZE       =   ----    ----
   BIT SIZE         =   ----    ----
END OF MODULE INFORMATION.

C51 COMPILER V9.60.7.0   MAIN                                                              09/07/2024 17:46:20 PAGE 2   


C51 COMPILATION COMPLETE.  0 WARNING(S),  0 ERROR(S)
